<!doctype html>
<meta name="viewport" content="width=device-width">
<pre>
<a href="hauler-helm-1.0.8.tgz">hauler-helm-1.0.8.tgz</a>
<a href="hauler-helm-2.0.8.tgz">hauler-helm-2.0.8.tgz</a>
<a href="hauler-manifest.yaml">hauler-manifest.yaml</a>
<a href="install.sh">install.sh</a>
<a href="rancher-2.8.5.tgz">rancher-2.8.5.tgz</a>
</pre>
